2026-09-23 08:46	💲 改价	TUMBLER $2625.00 → $$2,625.00	https://www.chromehearts.com/baccarat/tumbler/174132CRYXXX015.html
2026-09-23 08:46	💲 改价	DECANTER $4275.00 → $$4,275.00	https://www.chromehearts.com/baccarat/decanter/174131CRYXXX013.html
2026-09-23 08:46	💲 改价	TRIPLE OLD FASHION $3850.00 → $$3,850.00	https://www.chromehearts.com/baccarat/triple-old-fashion/207468CRYXXX055.html
2026-09-23 08:46	💲 改价	SHOT GLASS $2400.00 → $$2,400.00	https://www.chromehearts.com/baccarat/shot-glass/207467CRYXXX054.html
2026-09-23 08:46	💲 改价	MARTINI $2625.00 → $$2,625.00	https://www.chromehearts.com/baccarat/martini/177734CRYXXX042.html
2026-09-23 08:46	💲 改价	CHAMPAGNE FLUTE $2800.00 → $$2,800.00	https://www.chromehearts.com/baccarat/champagne-flute/177731CRYXXX042.html
2026-09-23 08:46	💲 改价	WATER $2200.00 → $$2,200.00	https://www.chromehearts.com/baccarat/water/177732CRYXXX042.html
2026-09-23 08:46	💲 改价	WINE $2200.00 → $$2,200.00	https://www.chromehearts.com/baccarat/wine/177733CRYXXX042.html
2026-09-23 08:46	💲 改价	ASHTRAY $3150.00 → $$3,150.00	https://www.chromehearts.com/baccarat/ashtray/177730CRYXXX013.html
2026-09-23 08:46	💲 改价	COFFEE SET $1650.00 → $$1,650.00	https://www.chromehearts.com/baccarat/coffee-set/174310CRYXXX005.html
2026-09-23 08:46	💲 改价	BOXER BRIEF - LONG $100.00 → $$100.00	https://www.chromehearts.com/boxers-leggings/boxer-brief---long/158553XXXXXXXXX.html
2026-09-23 08:46	💲 改价	BOXER BRIEF - CLASSIC RIB $130.00 → $$130.00	https://www.chromehearts.com/boxers-leggings/boxer-brief---classic-rib/209670XXXXXXXXX.html
2026-09-23 08:46	💲 改价	FOTI BOXER BRIEF - LONG $110.00 → $$110.00	https://www.chromehearts.com/boxers-leggings/foti-boxer-brief---long/208280XXXXXXXXX.html
2026-09-23 08:46	💲 改价	LEGGINGS $275.00 → $$275.00	https://www.chromehearts.com/boxers-leggings/leggings/165064XXXXXX140.html
2026-09-23 08:46	💲 改价	LONG JOHNS $275.00 → $$275.00	https://www.chromehearts.com/boxers-leggings/long-johns/164943XXXXXX140.html
2026-09-23 08:46	💲 改价	CH PLUS TIGHTS $255.00 → $$255.00	https://www.chromehearts.com/intimates/ch-plus-tights/092826AI6XXXXXX.html
2026-09-23 08:46	💲 改价	LACE TEDDY $990.00 → $$990.00	https://www.chromehearts.com/intimates/lace-teddy/201585AFWXXX030.html
2026-09-23 08:46	💲 改价	LACE UNDERWIRE BRA $385.00 → $$385.00	https://www.chromehearts.com/intimates/lace-underwire-bra/202334AFWXXX030.html
2026-09-23 08:46	💲 改价	LACE HIGH-WAISTED BRIEF $385.00 → $$385.00	https://www.chromehearts.com/intimates/lace-high-waisted-brief/201583AFWXXX033.html
2026-09-23 08:46	💲 改价	LACE G-STRING $220.00 → $$220.00	https://www.chromehearts.com/intimates/lace-g-string/201584AFWXXX030.html
2026-09-23 08:46	💲 改价	LACE THONG $275.00 → $$275.00	https://www.chromehearts.com/intimates/lace-thong/201635AFWXXX033.html
2026-09-23 08:46	💲 改价	+22+ Eau de Parfum $500.00 → $$500.00	https://www.chromehearts.com/scents/22-eau-de-parfum/162006CRYXXX271.html
2026-09-23 08:46	💲 改价	+33+ Eau de Parfum $500.00 → $$500.00	https://www.chromehearts.com/scents/33-eau-de-parfum/162006CRYXXX272.html
2026-09-23 08:46	💲 改价	+22+ Roll-On Perfume $220.00 → $$220.00	https://www.chromehearts.com/scents/22-roll-on-perfume/162008CRYXXX271.html
2026-09-23 08:46	💲 改价	+33+ Roll-On Perfume $220.00 → $$220.00	https://www.chromehearts.com/scents/33-roll-on-perfume/162008CRYXXX272.html
2026-09-23 08:46	💲 改价	+22+ Soap on a Rope $90.00 → $$90.00	https://www.chromehearts.com/scents/22-soap-on-a-rope/179527XXXXXX273.html
2026-09-23 08:46	💲 改价	+33+ Soap on a Rope $90.00 → $$90.00	https://www.chromehearts.com/scents/33-soap-on-a-rope/179527XXXXXX274.html
2026-09-23 08:46	💲 改价	+22+ Scented Candle 220g $500.00 → $$500.00	https://www.chromehearts.com/scents/22-scented-candle-220g/162045CRYXXX273.html
2026-09-23 08:46	💲 改价	+33+ Scented Candle 220g $500.00 → $$500.00	https://www.chromehearts.com/scents/33-scented-candle-220g/162045CRYXXX274.html
2026-09-23 08:46	💲 改价	+22+ Scented Candle Refill 200g $150.00 → $$150.00	https://www.chromehearts.com/scents/22-scented-candle-refill-200g/175740XXXXXX273.html
2026-09-23 08:46	💲 改价	+33+ Scented Candle Refill 200g $150.00 → $$150.00	https://www.chromehearts.com/scents/33-scented-candle-refill-200g/175740XXXXXX274.html
2026-09-23 08:46	💲 改价	+22+ Scented Candle 100g $180.00 → $$180.00	https://www.chromehearts.com/scents/22-scented-candle-100g/172571CRYXXX273.html
2026-09-23 08:46	💲 改价	+33+ Scented Candle 100g $180.00 → $$180.00	https://www.chromehearts.com/scents/33-scented-candle-100g/172571CRYXXX274.html
2026-09-23 08:46	💲 改价	CH LOGO SOCKS $255.00 → $$255.00	https://www.chromehearts.com/socks/ch-logo-socks/176354XXXXXX349.html
2026-09-23 08:46	💲 改价	STENCIL SOCKS $255.00 → $$255.00	https://www.chromehearts.com/socks/stencil-socks/176354MB3XXX465.html
2026-09-23 08:46	💲 改价	SPORT $255.00 → $$255.00	https://www.chromehearts.com/socks/sport/176354XXXXXXXXX.html
2026-09-23 08:46	💲 改价	WOMENS SPORT $255.00 → $$255.00	https://www.chromehearts.com/socks/womens-sport/191715D5DXXX408.html
2026-09-23 08:46	💲 改价	EXECUTIVE SOCKS $255.00 → $$255.00	https://www.chromehearts.com/socks/executive-socks/191716ADLXXX406.html
2026-09-23 08:46	💲 改价	FOTI SOCKS $255.00 → $$255.00	https://www.chromehearts.com/socks/foti-socks/180459XXXXXX389.html
2026-09-23 08:55	💲 改价	TUMBLER $$2,625.00 → $2625.00	https://www.chromehearts.com/baccarat/tumbler/174132CRYXXX015.html
2026-09-23 08:55	💲 改价	DECANTER $$4,275.00 → $4275.00	https://www.chromehearts.com/baccarat/decanter/174131CRYXXX013.html
2026-09-23 08:55	💲 改价	TRIPLE OLD FASHION $$3,850.00 → $3850.00	https://www.chromehearts.com/baccarat/triple-old-fashion/207468CRYXXX055.html
2026-09-23 08:55	💲 改价	SHOT GLASS $$2,400.00 → $2400.00	https://www.chromehearts.com/baccarat/shot-glass/207467CRYXXX054.html
2026-09-23 08:55	💲 改价	MARTINI $$2,625.00 → $2625.00	https://www.chromehearts.com/baccarat/martini/177734CRYXXX042.html
2026-09-23 08:55	💲 改价	CHAMPAGNE FLUTE $$2,800.00 → $2800.00	https://www.chromehearts.com/baccarat/champagne-flute/177731CRYXXX042.html
2026-09-23 08:55	💲 改价	WATER $$2,200.00 → $2200.00	https://www.chromehearts.com/baccarat/water/177732CRYXXX042.html
2026-09-23 08:55	💲 改价	WINE $$2,200.00 → $2200.00	https://www.chromehearts.com/baccarat/wine/177733CRYXXX042.html
2026-09-23 08:55	💲 改价	ASHTRAY $$3,150.00 → $3150.00	https://www.chromehearts.com/baccarat/ashtray/177730CRYXXX013.html
2026-09-23 08:55	💲 改价	COFFEE SET $$1,650.00 → $1650.00	https://www.chromehearts.com/baccarat/coffee-set/174310CRYXXX005.html
2026-09-23 08:55	💲 改价	BOXER BRIEF - LONG $$100.00 → $100.00	https://www.chromehearts.com/boxers-leggings/boxer-brief---long/158553XXXXXXXXX.html
2026-09-23 08:55	💲 改价	BOXER BRIEF - CLASSIC RIB $$130.00 → $130.00	https://www.chromehearts.com/boxers-leggings/boxer-brief---classic-rib/209670XXXXXXXXX.html
2026-09-23 08:55	💲 改价	FOTI BOXER BRIEF - LONG $$110.00 → $110.00	https://www.chromehearts.com/boxers-leggings/foti-boxer-brief---long/208280XXXXXXXXX.html
2026-09-23 08:55	💲 改价	LEGGINGS $$275.00 → $275.00	https://www.chromehearts.com/boxers-leggings/leggings/165064XXXXXX140.html
2026-09-23 08:55	💲 改价	LONG JOHNS $$275.00 → $275.00	https://www.chromehearts.com/boxers-leggings/long-johns/164943XXXXXX140.html
2026-09-23 08:55	💲 改价	CH PLUS TIGHTS $$255.00 → $255.00	https://www.chromehearts.com/intimates/ch-plus-tights/092826AI6XXXXXX.html
2026-09-23 08:55	💲 改价	LACE TEDDY $$990.00 → $990.00	https://www.chromehearts.com/intimates/lace-teddy/201585AFWXXX030.html
2026-09-23 08:55	💲 改价	LACE UNDERWIRE BRA $$385.00 → $385.00	https://www.chromehearts.com/intimates/lace-underwire-bra/202334AFWXXX030.html
2026-09-23 08:55	💲 改价	LACE HIGH-WAISTED BRIEF $$385.00 → $385.00	https://www.chromehearts.com/intimates/lace-high-waisted-brief/201583AFWXXX033.html
2026-09-23 08:55	💲 改价	LACE G-STRING $$220.00 → $220.00	https://www.chromehearts.com/intimates/lace-g-string/201584AFWXXX030.html
2026-09-23 08:55	💲 改价	LACE THONG $$275.00 → $275.00	https://www.chromehearts.com/intimates/lace-thong/201635AFWXXX033.html
2026-09-23 08:55	💲 改价	+22+ Eau de Parfum $$500.00 → $500.00	https://www.chromehearts.com/scents/22-eau-de-parfum/162006CRYXXX271.html
2026-09-23 08:55	💲 改价	+33+ Eau de Parfum $$500.00 → $500.00	https://www.chromehearts.com/scents/33-eau-de-parfum/162006CRYXXX272.html
2026-09-23 08:55	💲 改价	+22+ Roll-On Perfume $$220.00 → $220.00	https://www.chromehearts.com/scents/22-roll-on-perfume/162008CRYXXX271.html
2026-09-23 08:55	💲 改价	+33+ Roll-On Perfume $$220.00 → $220.00	https://www.chromehearts.com/scents/33-roll-on-perfume/162008CRYXXX272.html
2026-09-23 08:55	💲 改价	+22+ Soap on a Rope $$90.00 → $90.00	https://www.chromehearts.com/scents/22-soap-on-a-rope/179527XXXXXX273.html
2026-09-23 08:55	💲 改价	+33+ Soap on a Rope $$90.00 → $90.00	https://www.chromehearts.com/scents/33-soap-on-a-rope/179527XXXXXX274.html
2026-09-23 08:55	💲 改价	+22+ Scented Candle 220g $$500.00 → $500.00	https://www.chromehearts.com/scents/22-scented-candle-220g/162045CRYXXX273.html
2026-09-23 08:55	💲 改价	+33+ Scented Candle 220g $$500.00 → $500.00	https://www.chromehearts.com/scents/33-scented-candle-220g/162045CRYXXX274.html
2026-09-23 08:55	💲 改价	+22+ Scented Candle Refill 200g $$150.00 → $150.00	https://www.chromehearts.com/scents/22-scented-candle-refill-200g/175740XXXXXX273.html
2026-09-23 08:55	💲 改价	+33+ Scented Candle Refill 200g $$150.00 → $150.00	https://www.chromehearts.com/scents/33-scented-candle-refill-200g/175740XXXXXX274.html
2026-09-23 08:55	💲 改价	+22+ Scented Candle 100g $$180.00 → $180.00	https://www.chromehearts.com/scents/22-scented-candle-100g/172571CRYXXX273.html
2026-09-23 08:55	💲 改价	+33+ Scented Candle 100g $$180.00 → $180.00	https://www.chromehearts.com/scents/33-scented-candle-100g/172571CRYXXX274.html
2026-09-23 08:55	💲 改价	CH LOGO SOCKS $$255.00 → $255.00	https://www.chromehearts.com/socks/ch-logo-socks/176354XXXXXX349.html
2026-09-23 08:55	💲 改价	STENCIL SOCKS $$255.00 → $255.00	https://www.chromehearts.com/socks/stencil-socks/176354MB3XXX465.html
2026-09-23 08:55	💲 改价	SPORT $$255.00 → $255.00	https://www.chromehearts.com/socks/sport/176354XXXXXXXXX.html
2026-09-23 08:55	💲 改价	WOMENS SPORT $$255.00 → $255.00	https://www.chromehearts.com/socks/womens-sport/191715D5DXXX408.html
2026-09-23 08:55	💲 改价	EXECUTIVE SOCKS $$255.00 → $255.00	https://www.chromehearts.com/socks/executive-socks/191716ADLXXX406.html
2026-09-23 08:55	💲 改价	FOTI SOCKS $$255.00 → $255.00	https://www.chromehearts.com/socks/foti-socks/180459XXXXXX389.html
2026-09-24 20:01	🗑 下架	BLACK SWEATPANTS $730.00	https://www.chromehearts.com/black-sweatpants/190372BLKXXX01W.html
